[backblue.gif]
[fade.gif]
[index.html]
[unpkg.com/swiper@11.2.6/swiper-bundle.min.js]
[taxiinchandigarh.in/assets/css/bootstrap.min.css]
[taxiinchandigarh.in/assets/css/all.css]
[taxiinchandigarh.in/assets/css/style.css]
[taxiinchandigarh.in/assets/img/logo/stlogo.png]
[taxiinchandigarh.in/about.html]
[taxiinchandigarh.in/carrental.html]
[taxiinchandigarh.in/hotelbooking.html]
[taxiinchandigarh.in/contact.html]
[taxiinchandigarh.in/assets/img/slider/1.jpg]
[taxiinchandigarh.in/assets/img/slider/5.jpg]
[taxiinchandigarh.in/assets/img/slider/2.jpg]
[taxiinchandigarh.in/assets/img/cars/1.png]
[taxiinchandigarh.in/taxi-book303d.html]
[taxiinchandigarh.in/assets/img/cars/2.png]
[taxiinchandigarh.in/taxi-book8a2f.html]
[taxiinchandigarh.in/assets/img/cars/3.png]
[taxiinchandigarh.in/taxi-bookdc21.html]
[taxiinchandigarh.in/assets/img/cars/4.png]
[taxiinchandigarh.in/taxi-book95ea.html]
[taxiinchandigarh.in/assets/img/cars/5.png]
[taxiinchandigarh.in/taxi-book0af6.html]
[taxiinchandigarh.in/assets/img/cars/6.png]
[taxiinchandigarh.in/taxi-bookf022.html]
[taxiinchandigarh.in/assets/img/cars/7.jpg]
[taxiinchandigarh.in/taxi-bookc311.html]
[taxiinchandigarh.in/assets/img/cars/8.jpg]
[taxiinchandigarh.in/taxi-bookd66b.html]
[taxiinchandigarh.in/assets/img/cars/9.jpg]
[taxiinchandigarh.in/taxi-bookf217.html]
[taxiinchandigarh.in/assets/img/section/4.jpg]
[taxiinchandigarh.in/assets/img/section/katra.jpg]
[taxiinchandigarh.in/assets/img/section/kashmir.jpg]
[taxiinchandigarh.in/assets/img/section/dalho.jpg]
[taxiinchandigarh.in/assets/img/section/male.png]
[taxiinchandigarh.in/assets/img/section/hand.png]
[taxiinchandigarh.in/assets/img/logo/whatsapp-icon.jpg]
[taxiinchandigarh.in/assets/img/logo/send-message.jpg]
[taxiinchandigarh.in/assets/img/logo/call-icon.jpg]
[taxiinchandigarh.in/assets/js/jquery-3.6.0.js]
[taxiinchandigarh.in/assets/js/bootstrap.min.js]
[taxiinchandigarh.in/index.html]
[unpkg.com/swiper@11.2.6/swiper-bundle.min.css]
[taxiinchandigarh.in/assets/css/bootstrap.min.css]
[taxiinchandigarh.in/assets/webfonts/fa-brands-400.eot]
[taxiinchandigarh.in/index-2.html]
[taxiinchandigarh.in/assets/webfonts/fa-brands-400.woff2]
[taxiinchandigarh.in/assets/webfonts/fa-brands-400d41d.eot]
[taxiinchandigarh.in/assets/webfonts/fa-brands-400.woff]
[taxiinchandigarh.in/assets/webfonts/fa-brands-400.ttf]
[taxiinchandigarh.in/assets/webfonts/fa-brands-400.svg]
[taxiinchandigarh.in/assets/webfonts/fa-regular-400.eot]
[taxiinchandigarh.in/assets/webfonts/fa-regular-400d41d.eot]
[taxiinchandigarh.in/assets/webfonts/fa-regular-400.woff2]
[taxiinchandigarh.in/assets/webfonts/fa-regular-400.woff]
[taxiinchandigarh.in/assets/webfonts/fa-regular-400.ttf]
[taxiinchandigarh.in/assets/webfonts/fa-regular-400.svg]
[taxiinchandigarh.in/assets/webfonts/fa-solid-900.eot]
[taxiinchandigarh.in/assets/webfonts/fa-solid-900d41d.eot]
[taxiinchandigarh.in/assets/webfonts/fa-solid-900.woff2]
[taxiinchandigarh.in/assets/webfonts/fa-solid-900.woff]
[taxiinchandigarh.in/assets/webfonts/fa-solid-900.ttf]
[taxiinchandigarh.in/assets/css/all.css]
[taxiinchandigarh.in/assets/webfonts/fa-solid-900.svg]
[taxiinchandigarh.in/assets/img/section/3.jpg]
[taxiinchandigarh.in/assets/img/section/phone.jpg]
[taxiinchandigarh.in/assets/img/section/top-bg.jpg]
[taxiinchandigarh.in/assets/css/style.css]
[taxiinchandigarh.in/index-3.html]
[taxiinchandigarh.in/about.html]
[taxiinchandigarh.in/carrental.html]
[taxiinchandigarh.in/assets/img/section/hotel.jpg]
[taxiinchandigarh.in/hotelbooking.html]
[taxiinchandigarh.in/assets/img/section/boy.png]
[taxiinchandigarh.in/contact.html]
[taxiinchandigarh.in/taxi-book303d.html]
[taxiinchandigarh.in/taxi-book8a2f.html]
[taxiinchandigarh.in/taxi-bookdc21.html]
[taxiinchandigarh.in/taxi-book95ea.html]
[taxiinchandigarh.in/taxi-book0af6.html]
[taxiinchandigarh.in/taxi-bookf022.html]
[taxiinchandigarh.in/taxi-bookc311.html]
[taxiinchandigarh.in/taxi-bookd66b.html]
[taxiinchandigarh.in/taxi-bookf217.html]
[taxiinchandigarh.in/assets/js/jquery-3.6.0.js]
[taxiinchandigarh.in/assets/js/bootstrap.min.js]
[taxiinchandigarh.in/index-2.html]
[taxiinchandigarh.in/true/index.html]
[taxiinchandigarh.in/assets/webfonts/fa-brands-400.svg]
[taxiinchandigarh.in/assets/webfonts/fa-regular-400.svg]
[taxiinchandigarh.in/assets/webfonts/fa-solid-900.svg]
[taxiinchandigarh.in/index-3.html]
[taxiinchandigarh.in/true/index.html]
